[header] JSON değil. İlk 400 karakter:
<!DOCTYPE html>
<html lang="en">
  <head>
    <meta charset="UTF-8" />
    <link rel="icon" href="/assets/images/favicon-BIeG2SoQ.ico" />
    <meta name="viewport" content="width=device-width, initial-scale=1.0" />
<!--      <meta name="viewport" content="width=device-width, initial-scale=1.0, maximum-scale=5.0, user-scalable=yes" />-->
      <title>EVDS</title>
    <script type="module" crossorig
[query param] JSON değil. İlk 400 karakter:
<!DOCTYPE html>
<html lang="en">
  <head>
    <meta charset="UTF-8" />
    <link rel="icon" href="/assets/images/favicon-BIeG2SoQ.ico" />
    <meta name="viewport" content="width=device-width, initial-scale=1.0" />
<!--      <meta name="viewport" content="width=device-width, initial-scale=1.0, maximum-scale=5.0, user-scalable=yes" />-->
      <title>EVDS</title>
    <script type="module" crossorig
HATA: EVDS'ten veri alınamadı. Son yanıt (query param, HTTP 200):
<!DOCTYPE html>
<html lang="en">
  <head>
    <meta charset="UTF-8" />
    <link rel="icon" href="/assets/images/favicon-BIeG2SoQ.ico" />
    <meta name="viewport" content="width=device-width, initial-scale=1.0" />
<!--      <meta name="viewport" content="width=device-width, initial-scale=1.0, maximum-scale=5.0, user-scalable=yes" />-->
      <title>EVDS</title>
    <script type="module" crossorigin src="/assets/index-DsYSds65.js"></script>
    <link rel="modulepreload" crossorigin href="/assets/react-vendor-oJ9U2YUK.js">
    <link rel="modulepreload" crossorigin href="/assets/semantic-ui-vend
